rendering 63 card faces with Playwright Chromium ...
rendered 63 cards
  img_0001  p006  front startup            en      1640x1230
  img_0002  p004  front color_band         en      1922x1441
  img_0003  p037  front minimal_white      zh-Hans 1594x1195
  img_0004  p041  front navy_gold          zh-Hant 2117x1587
  img_0005  p015  front bilingual_columns  mixed   1199x899
  img_0006  p017  front vertical_cjk       zh-Hant 1667x2223
  img_0007  p013  back  back_decor         en      1782x1336
  img_0008  p030  front startup            zh-Hans 1664x1248
  img_0009  p022  front japanese_minimal   en      1081x810
  img_0010  p024  back  back_logo          en      2025x1518
  img_0011  p036  back  back_contact       zh-Hant 1323x1765
  img_0012  p037  back  japanese_minimal   en      1142x856
  img_0013  p032  front startup            en      1076x807
  img_0014  p010  front navy_gold          zh-Hant 1769x1326
  img_0015  p014  front portrait_modern    en      821x1095
  img_0016  p020  front startup            en      1252x1670
  img_0017  p011  front color_band         zh-Hans 1487x1115
  img_0018  p044  front startup            mixed   907x680
  img_0019  p009  front portrait_modern    en      1580x2107
  img_0020  p001  front bank_style         zh-Hant 1149x861
  img_0021  p007  front portrait_modern    mixed   1392x1856
  img_0022  p042  front bilingual_columns  mixed   2302x1726
  img_0023  p022  back  back_logo          en      1837x1377
  img_0024  p043  back  minimal_white      zh-Hant 1224x1633
  img_0025  p012  back  portrait_classic   en      1412x1883
  img_0026  p033  front bilingual_columns  mixed   1622x1216
  img_0027  p013  front logo_heavy         en      2256x1692
  img_0028  p036  front portrait_modern    zh-Hant 1428x1904
  img_0029  p015  back  back_contact       zh-Hans 919x689
  img_0030  p017  back  back_logo          en      1363x1818
  img_0031  p003  back  back_decor         en      2070x1552
  img_0032  p002  front logo_heavy         zh-Hans 1746x1309
  img_0033  p045  front logo_heavy         en      1126x844
  img_0034  p027  front color_band         mixed   2068x1551
  img_0035  p039  front navy_gold          zh-Hant 941x705
  img_0036  p021  front bilingual_columns  mixed   1911x1433
  img_0037  p034  front bank_style         zh-Hans 1834x1375
  img_0038  p016  back  japanese_minimal   zh-Hant 1958x1468
  img_0039  p009  back  vertical_cjk       zh-Hant 1260x1680
  img_0040  p020  back  back_contact       en      1136x852
  img_0041  p038  front logo_heavy         en      1631x1223
  img_0042  p006  back  back_decor         en      2065x1548
  img_0043  p035  front vertical_cjk       zh-Hant 1425x1901
  img_0044  p043  front japanese_minimal   en      2147x1610
  img_0045  p016  front navy_gold          en      1459x1946
  img_0046  p023  front bank_style         zh-Hant 2059x1544
  img_0047  p035  back  back_contact       zh-Hant 2316x1737
  img_0048  p040  front color_band         zh-Hant 1926x1444
  img_0049  p026  front logo_heavy         en      1051x788
  img_0050  p019  front bilingual_columns  mixed   2345x1758
  img_0051  p025  front portrait_classic   mixed   1578x2105
  img_0052  p028  front minimal_white      en      1882x1411
  img_0053  p012  front portrait_classic   zh-Hant 1647x2196
  img_0054  p018  front minimal_white      mixed   1710x1282
  img_0055  p044  back  back_contact       zh-Hant 2253x1689
  img_0056  p031  front color_band         zh-Hans 1527x2036
  img_0057  p010  back  bank_style         en      2178x1633
  img_0058  p008  front portrait_classic   zh-Hans 1383x1844
  img_0059  p024  front navy_gold          en      1515x1136
  img_0060  p029  front vertical_cjk       zh-Hant 1286x1715
  img_0061  p005  front minimal_white      mixed   900x675
  img_0062  p003  front japanese_minimal   en      2059x1544
  img_0063  p045  back  back_logo          en      1074x805
done: 45 people, 63 photos -> /home/user/wh-scan/CardImport/benchmark/dataset
